> Task :admin:preBuild UP-TO-DATE
> Task :admin:preDebugBuild UP-TO-DATE
> Task :admin:mergeDebugNativeDebugMetadata NO-SOURCE
> Task :admin:checkKotlinGradlePluginConfigurationErrors SKIPPED
> Task :admin:generateDebugBuildConfig UP-TO-DATE
> Task :shared:preBuild UP-TO-DATE
> Task :shared:preDebugBuild UP-TO-DATE
> Task :shared:writeDebugAarMetadata UP-TO-DATE
> Task :admin:checkDebugAarMetadata UP-TO-DATE
> Task :admin:generateDebugResValues UP-TO-DATE
> Task :admin:processDebugGoogleServices UP-TO-DATE
> Task :shared:generateDebugResValues UP-TO-DATE
> Task :shared:generateDebugResources UP-TO-DATE
> Task :shared:packageDebugResources UP-TO-DATE
> Task :admin:mapDebugSourceSetPaths UP-TO-DATE
> Task :admin:generateDebugResources UP-TO-DATE
> Task :admin:mergeDebugResources UP-TO-DATE
> Task :admin:packageDebugResources UP-TO-DATE
> Task :admin:parseDebugLocalResources UP-TO-DATE
> Task :admin:createDebugCompatibleScreenManifests UP-TO-DATE
> Task :admin:extractDeepLinksDebug UP-TO-DATE
> Task :shared:extractDeepLinksDebug UP-TO-DATE
> Task :shared:processDebugManifest UP-TO-DATE
> Task :admin:processDebugMainManifest UP-TO-DATE
> Task :admin:processDebugManifest UP-TO-DATE
> Task :admin:processDebugManifestForPackage UP-TO-DATE
> Task :shared:compileDebugLibraryResources UP-TO-DATE
> Task :shared:parseDebugLocalResources UP-TO-DATE
> Task :shared:generateDebugRFile UP-TO-DATE
> Task :admin:processDebugResources UP-TO-DATE
> Task :shared:checkKotlinGradlePluginConfigurationErrors SKIPPED
> Task :shared:generateDebugBuildConfig UP-TO-DATE
> Task :shared:kspDebugKotlin UP-TO-DATE
> Task :shared:compileDebugKotlin UP-TO-DATE
> Task :shared:javaPreCompileDebug UP-TO-DATE
> Task :shared:compileDebugJavaWithJavac UP-TO-DATE
> Task :shared:transformDebugClassesWithAsm UP-TO-DATE
> Task :shared:bundleLibCompileToJarDebug UP-TO-DATE
> Task :admin:kspDebugKotlin UP-TO-DATE
> Task :admin:javaPreCompileDebug UP-TO-DATE
> Task :admin:mergeDebugShaders UP-TO-DATE
> Task :admin:compileDebugShaders NO-SOURCE
> Task :admin:generateDebugAssets UP-TO-DATE
> Task :shared:mergeDebugShaders UP-TO-DATE
> Task :shared:compileDebugShaders NO-SOURCE
> Task :shared:generateDebugAssets UP-TO-DATE
> Task :shared:packageDebugAssets UP-TO-DATE
> Task :admin:mergeDebugAssets UP-TO-DATE
> Task :admin:compressDebugAssets UP-TO-DATE
> Task :shared:bundleLibRuntimeToJarDebug UP-TO-DATE
> Task :shared:processDebugJavaRes UP-TO-DATE
> Task :admin:checkDebugDuplicateClasses UP-TO-DATE
> Task :admin:desugarDebugFileDependencies UP-TO-DATE
> Task :admin:mergeExtDexDebug UP-TO-DATE
> Task :shared:bundleLibRuntimeToDirDebug UP-TO-DATE
> Task :admin:mergeDebugJniLibFolders UP-TO-DATE
> Task :admin:mergeLibDexDebug UP-TO-DATE
> Task :shared:mergeDebugJniLibFolders UP-TO-DATE
> Task :shared:mergeDebugNativeLibs NO-SOURCE
> Task :shared:copyDebugJniLibsProjectOnly UP-TO-DATE
> Task :admin:mergeDebugNativeLibs UP-TO-DATE
> Task :admin:stripDebugDebugSymbols UP-TO-DATE
> Task :admin:validateSigningDebug UP-TO-DATE
> Task :admin:writeDebugAppMetadata UP-TO-DATE
> Task :admin:writeDebugSigningConfigVersions UP-TO-DATE
> Task :admin:buildKotlinToolingMetadata UP-TO-DATE
> Task :admin:preReleaseBuild UP-TO-DATE
> Task :admin:generateReleaseBuildConfig UP-TO-DATE
> Task :shared:preReleaseBuild UP-TO-DATE
> Task :shared:writeReleaseAarMetadata UP-TO-DATE
> Task :admin:checkReleaseAarMetadata UP-TO-DATE
> Task :admin:generateReleaseResValues UP-TO-DATE
> Task :admin:processReleaseGoogleServices UP-TO-DATE
> Task :shared:generateReleaseResValues UP-TO-DATE
> Task :shared:generateReleaseResources UP-TO-DATE
> Task :shared:packageReleaseResources UP-TO-DATE
> Task :admin:mapReleaseSourceSetPaths UP-TO-DATE
> Task :admin:generateReleaseResources UP-TO-DATE
> Task :admin:mergeReleaseResources UP-TO-DATE
> Task :admin:packageReleaseResources UP-TO-DATE
> Task :admin:parseReleaseLocalResources UP-TO-DATE
> Task :admin:createReleaseCompatibleScreenManifests UP-TO-DATE
> Task :admin:extractDeepLinksRelease UP-TO-DATE
> Task :shared:extractDeepLinksRelease UP-TO-DATE
> Task :shared:processReleaseManifest UP-TO-DATE
> Task :admin:processReleaseMainManifest UP-TO-DATE
> Task :admin:processReleaseManifest UP-TO-DATE
> Task :admin:processReleaseManifestForPackage UP-TO-DATE
> Task :shared:compileReleaseLibraryResources UP-TO-DATE
> Task :shared:parseReleaseLocalResources UP-TO-DATE
> Task :shared:generateReleaseRFile UP-TO-DATE
> Task :admin:processReleaseResources UP-TO-DATE
> Task :shared:generateReleaseBuildConfig UP-TO-DATE
> Task :shared:kspReleaseKotlin UP-TO-DATE
> Task :shared:compileReleaseKotlin UP-TO-DATE
> Task :shared:javaPreCompileRelease UP-TO-DATE
> Task :shared:compileReleaseJavaWithJavac UP-TO-DATE
> Task :shared:transformReleaseClassesWithAsm UP-TO-DATE
> Task :shared:bundleLibCompileToJarRelease UP-TO-DATE
> Task :admin:kspReleaseKotlin UP-TO-DATE
> Task :admin:javaPreCompileRelease UP-TO-DATE
> Task :admin:extractProguardFiles UP-TO-DATE
> Task :shared:bundleLibRuntimeToJarRelease UP-TO-DATE
> Task :shared:processReleaseJavaRes UP-TO-DATE
> Task :shared:createFullJarRelease UP-TO-DATE
> Task :shared:extractProguardFiles UP-TO-DATE
> Task :shared:generateReleaseLintModel UP-TO-DATE
> Task :shared:prepareLintJarForPublish UP-TO-DATE
> Task :shared:mergeReleaseJniLibFolders UP-TO-DATE
> Task :shared:mergeReleaseNativeLibs NO-SOURCE
> Task :shared:stripReleaseDebugSymbols NO-SOURCE
> Task :shared:copyReleaseJniLibsProjectAndLocalJars UP-TO-DATE
> Task :shared:extractDeepLinksForAarRelease UP-TO-DATE
> Task :shared:extractReleaseAnnotations UP-TO-DATE
> Task :shared:mergeReleaseGeneratedProguardFiles UP-TO-DATE
> Task :shared:mergeReleaseConsumerProguardFiles UP-TO-DATE
> Task :shared:mergeReleaseShaders UP-TO-DATE
> Task :shared:compileReleaseShaders NO-SOURCE
> Task :shared:generateReleaseAssets UP-TO-DATE
> Task :shared:packageReleaseAssets UP-TO-DATE
> Task :shared:prepareReleaseArtProfile UP-TO-DATE
> Task :shared:mergeReleaseJavaResource UP-TO-DATE
> Task :shared:syncReleaseLibJars UP-TO-DATE
> Task :shared:bundleReleaseLocalLintAar UP-TO-DATE
> Task :shared:lintVitalAnalyzeRelease UP-TO-DATE
> Task :shared:writeReleaseLintModelMetadata UP-TO-DATE
> Task :shared:generateReleaseLintVitalModel UP-TO-DATE
> Task :admin:mergeReleaseJniLibFolders UP-TO-DATE
> Task :shared:copyReleaseJniLibsProjectOnly UP-TO-DATE
> Task :admin:mergeReleaseNativeLibs UP-TO-DATE
> Task :admin:stripReleaseDebugSymbols UP-TO-DATE
> Task :admin:extractReleaseNativeSymbolTables UP-TO-DATE
> Task :admin:mergeReleaseNativeDebugMetadata NO-SOURCE
> Task :shared:bundleLibRuntimeToDirRelease UP-TO-DATE
> Task :admin:checkReleaseDuplicateClasses UP-TO-DATE
> Task :admin:desugarReleaseFileDependencies UP-TO-DATE
> Task :admin:mergeReleaseStartupProfile UP-TO-DATE
> Task :admin:mergeExtDexRelease UP-TO-DATE
> Task :admin:mergeReleaseArtProfile UP-TO-DATE
> Task :admin:mergeReleaseShaders UP-TO-DATE
> Task :admin:compileReleaseShaders NO-SOURCE
> Task :admin:generateReleaseAssets UP-TO-DATE
> Task :admin:mergeReleaseAssets UP-TO-DATE
> Task :admin:compressReleaseAssets UP-TO-DATE
> Task :admin:extractReleaseVersionControlInfo UP-TO-DATE
> Task :admin:optimizeReleaseResources UP-TO-DATE
> Task :admin:collectReleaseDependencies UP-TO-DATE
> Task :admin:sdkReleaseDependencyData UP-TO-DATE
> Task :admin:writeReleaseAppMetadata UP-TO-DATE
> Task :admin:writeReleaseSigningConfigVersions UP-TO-DATE
> Task :shared:stripDebugDebugSymbols NO-SOURCE
> Task :shared:copyDebugJniLibsProjectAndLocalJars UP-TO-DATE
> Task :shared:extractDebugAnnotations UP-TO-DATE
> Task :shared:extractDeepLinksForAarDebug UP-TO-DATE
> Task :shared:mergeDebugGeneratedProguardFiles UP-TO-DATE
> Task :shared:mergeDebugConsumerProguardFiles UP-TO-DATE
> Task :shared:prepareDebugArtProfile UP-TO-DATE
> Task :shared:mergeDebugJavaResource UP-TO-DATE
> Task :shared:syncDebugLibJars UP-TO-DATE
> Task :shared:bundleDebugLocalLintAar UP-TO-DATE
> Task :admin:preDebugAndroidTestBuild SKIPPED
> Task :admin:generateDebugAndroidTestResValues UP-TO-DATE
> Task :shared:createFullJarDebug UP-TO-DATE
> Task :shared:writeDebugLintModelMetadata UP-TO-DATE
> Task :shared:generateDebugLintModel UP-TO-DATE
> Task :admin:preDebugUnitTestBuild UP-TO-DATE
> Task :shared:lintAnalyzeDebug UP-TO-DATE
> Task :shared:preDebugAndroidTestBuild UP-TO-DATE
> Task :shared:generateDebugAndroidTestResValues UP-TO-DATE
> Task :shared:generateDebugAndroidTestLintModel UP-TO-DATE
> Task :shared:preDebugUnitTestBuild UP-TO-DATE
> Task :shared:generateDebugUnitTestLintModel UP-TO-DATE
> Task :shared:lintAnalyzeDebugAndroidTest UP-TO-DATE
> Task :shared:lintAnalyzeDebugUnitTest UP-TO-DATE
> Task :admin:javaPreCompileDebugUnitTest UP-TO-DATE
> Task :admin:preReleaseUnitTestBuild UP-TO-DATE
> Task :admin:javaPreCompileReleaseUnitTest UP-TO-DATE
> Task :app:preBuild UP-TO-DATE
> Task :app:preDebugBuild UP-TO-DATE
> Task :app:mergeDebugNativeDebugMetadata NO-SOURCE
> Task :app:checkKotlinGradlePluginConfigurationErrors SKIPPED
> Task :app:generateDebugBuildConfig UP-TO-DATE
> Task :app:checkDebugAarMetadata UP-TO-DATE
> Task :app:generateDebugResValues UP-TO-DATE
> Task :app:processDebugGoogleServices UP-TO-DATE
> Task :app:mapDebugSourceSetPaths UP-TO-DATE
> Task :app:generateDebugResources UP-TO-DATE
> Task :app:mergeDebugResources UP-TO-DATE
> Task :app:packageDebugResources UP-TO-DATE
> Task :app:parseDebugLocalResources UP-TO-DATE
> Task :app:createDebugCompatibleScreenManifests UP-TO-DATE
> Task :app:extractDeepLinksDebug UP-TO-DATE
> Task :app:processDebugMainManifest UP-TO-DATE
> Task :app:processDebugManifest UP-TO-DATE
> Task :app:processDebugManifestForPackage UP-TO-DATE
> Task :app:processDebugResources UP-TO-DATE
> Task :app:kspDebugKotlin UP-TO-DATE
> Task :app:javaPreCompileDebug UP-TO-DATE
> Task :app:mergeDebugShaders UP-TO-DATE
> Task :app:compileDebugShaders NO-SOURCE
> Task :app:generateDebugAssets UP-TO-DATE
> Task :app:mergeDebugAssets UP-TO-DATE
> Task :app:compressDebugAssets UP-TO-DATE
> Task :app:checkDebugDuplicateClasses UP-TO-DATE
> Task :app:desugarDebugFileDependencies UP-TO-DATE
> Task :app:mergeExtDexDebug UP-TO-DATE
> Task :app:mergeLibDexDebug UP-TO-DATE
> Task :app:mergeDebugJniLibFolders UP-TO-DATE
> Task :app:mergeDebugNativeLibs UP-TO-DATE
> Task :app:stripDebugDebugSymbols UP-TO-DATE
> Task :app:validateSigningDebug UP-TO-DATE
> Task :app:writeDebugAppMetadata UP-TO-DATE
> Task :app:writeDebugSigningConfigVersions UP-TO-DATE
> Task :app:buildKotlinToolingMetadata UP-TO-DATE
> Task :app:preReleaseBuild UP-TO-DATE
> Task :app:generateReleaseBuildConfig UP-TO-DATE
> Task :app:checkReleaseAarMetadata UP-TO-DATE
> Task :app:generateReleaseResValues UP-TO-DATE
> Task :app:processReleaseGoogleServices UP-TO-DATE
> Task :app:mapReleaseSourceSetPaths UP-TO-DATE
> Task :app:generateReleaseResources UP-TO-DATE
> Task :app:mergeReleaseResources UP-TO-DATE
> Task :app:packageReleaseResources UP-TO-DATE
> Task :app:parseReleaseLocalResources UP-TO-DATE
> Task :app:createReleaseCompatibleScreenManifests UP-TO-DATE
> Task :app:extractDeepLinksRelease UP-TO-DATE
> Task :app:processReleaseMainManifest UP-TO-DATE
> Task :app:processReleaseManifest UP-TO-DATE
> Task :app:processReleaseManifestForPackage UP-TO-DATE
> Task :app:processReleaseResources UP-TO-DATE
> Task :app:kspReleaseKotlin UP-TO-DATE

> Task :admin:compileDebugKotlin FAILED
gradlew.bat : e: file:///C:/Us
ers/Admin/dackAnroid/PandQAppl
ication/admin/src/main/java/co
m/group1/pandqapplication/admi
n/ui/chat/AdminChatViewModel.k
t:148:13 No value passed for 
parameter 'productImage'.
At line:1 char:1
+ & '.\gradlew' build 2>&1 | 
Out-File -FilePath 
build_errors.txt ; Get- ...
+ ~~~~~~~~~~~~~~~~~~~~~~~~
    + CategoryInfo          : 
    NotSpecified: (e: file:/  
  //C:/U...'productImage'.:   
 String) [], RemoteExcepti    
on
    + FullyQualifiedErrorId : 
    NativeCommandError
 
e: file:///C:/Users/Admin/dack
Anroid/PandQApplication/admin/
src/main/java/com/group1/pandq
application/admin/ui/chat/Admi
nChatViewModel.kt:148:13 No 
value passed for parameter 
'customerAvatar'.
e: file:///C:/Users/Admin/dack
Anroid/PandQApplication/admin/
src/main/java/com/group1/pandq
application/admin/ui/chat/Admi
nChatViewModel.kt:148:13 No 
value passed for parameter 
'updatedAt'.
e: file:///C:/Users/Admin/dack
Anroid/PandQApplication/admin/
src/main/java/com/group1/pandq
application/admin/ui/chat/Admi
nChatViewModel.kt:148:13 No 
value passed for parameter 
'lastMessageAt'.
e: file:///C:/Users/Admin/dack
Anroid/PandQApplication/admin/
src/main/java/com/group1/pandq
application/admin/ui/chat/Admi
nChatViewModel.kt:148:13 No 
value passed for parameter 
'lastMessagePreview'.

> Task :admin:compileReleaseKotlin FAILED
e: file:///C:/Users/Admin/dack
Anroid/PandQApplication/admin/
src/main/java/com/group1/pandq
application/admin/ui/chat/Admi
nChatViewModel.kt:148:13 No 
value passed for parameter 
'productImage'.
e: file:///C:/Users/Admin/dack
Anroid/PandQApplication/admin/
src/main/java/com/group1/pandq
application/admin/ui/chat/Admi
nChatViewModel.kt:148:13 No 
value passed for parameter 
'customerAvatar'.
e: file:///C:/Users/Admin/dack
Anroid/PandQApplication/admin/
src/main/java/com/group1/pandq
application/admin/ui/chat/Admi
nChatViewModel.kt:148:13 No 
value passed for parameter 
'updatedAt'.
e: file:///C:/Users/Admin/dack
Anroid/PandQApplication/admin/
src/main/java/com/group1/pandq
application/admin/ui/chat/Admi
nChatViewModel.kt:148:13 No 
value passed for parameter 
'lastMessageAt'.
e: file:///C:/Users/Admin/dack
Anroid/PandQApplication/admin/
src/main/java/com/group1/pandq
application/admin/ui/chat/Admi
nChatViewModel.kt:148:13 No 
value passed for parameter 
'lastMessagePreview'.

> Task :app:compileDebugKotlin FAILED
e: file:///C:/Users/Admin/dack
Anroid/PandQApplication/app/sr
c/main/java/com/group1/pandqap
plication/ui/chat/screen/ChatS
creen.kt:208:31 Unresolved 
reference 'isFromAdmin'.

> Task :app:compileReleaseKotlin FAILED
e: file:///C:/Users/Admin/dack
Anroid/PandQApplication/app/sr
c/main/java/com/group1/pandqap
plication/ui/chat/screen/ChatS
creen.kt:208:31 Unresolved 
reference 'isFromAdmin'.

FAILURE: Build completed with 
4 failures.

1: Task failed with an 
exception.
-----------
* What went wrong:
Execution failed for task 
':admin:compileDebugKotlin'.
> A failure occurred while 
executing org.jetbrains.kotlin
.compilerRunner.GradleCompiler
RunnerWithWorkers$GradleKotlin
CompilerWorkAction
   > Compilation error. See 
log for more details

* Try:
> Run with --stacktrace 
option to get the stack trace.
> Run with --info or --debug 
option to get more log output.
> Run with --scan to get full 
insights.
> Get more help at 
https://help.gradle.org.
==============================
==============================
==================

2: Task failed with an 
exception.
-----------
* What went wrong:
Execution failed for task 
':admin:compileReleaseKotlin'.
> A failure occurred while 
executing org.jetbrains.kotlin
.compilerRunner.GradleCompiler
RunnerWithWorkers$GradleKotlin
CompilerWorkAction
   > Compilation error. See 
log for more details

* Try:
> Run with --stacktrace 
option to get the stack trace.
> Run with --info or --debug 
option to get more log output.
> Run with --scan to get full 
insights.
> Get more help at 
https://help.gradle.org.
==============================
==============================
==================

3: Task failed with an 
exception.
-----------
* What went wrong:
Execution failed for task 
':app:compileDebugKotlin'.
> A failure occurred while 
executing org.jetbrains.kotlin
.compilerRunner.GradleCompiler
RunnerWithWorkers$GradleKotlin
CompilerWorkAction
   > Compilation error. See 
log for more details

* Try:
> Run with --stacktrace 
option to get the stack trace.
> Run with --info or --debug 
option to get more log output.
> Run with --scan to get full 
insights.
> Get more help at 
https://help.gradle.org.
==============================
==============================
==================

4: Task failed with an 
exception.
-----------
* What went wrong:
Execution failed for task 
':app:compileReleaseKotlin'.
> A failure occurred while 
executing org.jetbrains.kotlin
.compilerRunner.GradleCompiler
RunnerWithWorkers$GradleKotlin
CompilerWorkAction
   > Compilation error. See 
log for more details

* Try:
> Run with --stacktrace 
option to get the stack trace.
> Run with --info or --debug 
option to get more log output.
> Run with --scan to get full 
insights.
> Get more help at 
https://help.gradle.org.
==============================
==============================
==================

BUILD FAILED in 8s
201 actionable tasks: 4 executed, 197 up-to-date
