To honour the JVM settings for this build a single-use Daemon process will be forked. For more on this, please refer to https://docs.gradle.org/8.13/userguide/gradle_daemon.html#sec:disabling_the_daemon in the Gradle documentation.
Daemon will be stopped at the end of the build 
> Task :admin:checkKotlinGradlePluginConfigurationErrors SKIPPED
> Task :admin:preBuild UP-TO-DATE
> Task :admin:preDebugBuild UP-TO-DATE
> Task :admin:generateDebugBuildConfig UP-TO-DATE
> Task :shared:preBuild UP-TO-DATE
> Task :shared:preDebugBuild UP-TO-DATE
> Task :shared:writeDebugAarMetadata UP-TO-DATE
> Task :admin:checkDebugAarMetadata UP-TO-DATE
> Task :admin:generateDebugResValues UP-TO-DATE
> Task :admin:processDebugGoogleServices UP-TO-DATE
> Task :shared:generateDebugResValues UP-TO-DATE
> Task :shared:generateDebugResources UP-TO-DATE
> Task :shared:packageDebugResources UP-TO-DATE
> Task :admin:mapDebugSourceSetPaths UP-TO-DATE
> Task :admin:generateDebugResources UP-TO-DATE
> Task :admin:mergeDebugResources UP-TO-DATE
> Task :admin:packageDebugResources UP-TO-DATE
> Task :admin:parseDebugLocalResources UP-TO-DATE
> Task :admin:createDebugCompatibleScreenManifests UP-TO-DATE
> Task :admin:extractDeepLinksDebug UP-TO-DATE
> Task :shared:extractDeepLinksDebug UP-TO-DATE
> Task :shared:processDebugManifest UP-TO-DATE
> Task :admin:processDebugMainManifest UP-TO-DATE
> Task :admin:processDebugManifest UP-TO-DATE
> Task :admin:processDebugManifestForPackage UP-TO-DATE
> Task :shared:compileDebugLibraryResources UP-TO-DATE
> Task :shared:parseDebugLocalResources UP-TO-DATE
> Task :shared:generateDebugRFile UP-TO-DATE
> Task :admin:processDebugResources UP-TO-DATE
> Task :shared:checkKotlinGradlePluginConfigurationErrors SKIPPED
> Task :shared:generateDebugBuildConfig UP-TO-DATE
> Task :shared:kspDebugKotlin UP-TO-DATE
> Task :shared:compileDebugKotlin UP-TO-DATE
> Task :shared:javaPreCompileDebug UP-TO-DATE
> Task :shared:compileDebugJavaWithJavac UP-TO-DATE
> Task :shared:transformDebugClassesWithAsm UP-TO-DATE
> Task :shared:bundleLibCompileToJarDebug UP-TO-DATE
> Task :admin:kspDebugKotlin UP-TO-DATE

> Task :admin:compileDebugKotlin FAILED

[Incubating] Problems report is available at: file:///D:/personal/phuc/mobile/Nop%20bai/Project/PandQApplication/build/reports/problems/problems-report.html

Deprecated Gradle features were used in this build, making it incompatible with Gradle 9.0.

You can use '--warning-mode all' to show the individual deprecation warnings and determine if they come from your own scripts or plugins.

For more on this, please refer to https://docs.gradle.org/8.13/userguide/command_line_interface.html#sec:command_line_warnings in the Gradle documentation.
33 actionable tasks: 1 executed, 32 up-to-date
